Archive member included to satisfy reference by file (symbol)

c:/program files (x86)/gnu tools arm embedded/5.4 2016q2/bin/../lib/gcc/arm-none-eabi/5.4.1/../../../../arm-none-eabi/lib/armv7-m\libc.a(lib_a-exit.o)
                              c:/program files (x86)/gnu tools arm embedded/5.4 2016q2/bin/../lib/gcc/arm-none-eabi/5.4.1/../../../../arm-none-eabi/lib/armv7-m/crt0.o (exit)
c:/program files (x86)/gnu tools arm embedded/5.4 2016q2/bin/../lib/gcc/arm-none-eabi/5.4.1/../../../../arm-none-eabi/lib/armv7-m\libc.a(lib_a-impure.o)
                              c:/program files (x86)/gnu tools arm embedded/5.4 2016q2/bin/../lib/gcc/arm-none-eabi/5.4.1/../../../../arm-none-eabi/lib/armv7-m\libc.a(lib_a-exit.o) (_global_impure_ptr)
c:/program files (x86)/gnu tools arm embedded/5.4 2016q2/bin/../lib/gcc/arm-none-eabi/5.4.1/../../../../arm-none-eabi/lib/armv7-m\libc.a(lib_a-init.o)
                              c:/program files (x86)/gnu tools arm embedded/5.4 2016q2/bin/../lib/gcc/arm-none-eabi/5.4.1/../../../../arm-none-eabi/lib/armv7-m/crt0.o (__libc_init_array)
c:/program files (x86)/gnu tools arm embedded/5.4 2016q2/bin/../lib/gcc/arm-none-eabi/5.4.1/../../../../arm-none-eabi/lib/armv7-m\libc.a(lib_a-memset.o)
                              c:/program files (x86)/gnu tools arm embedded/5.4 2016q2/bin/../lib/gcc/arm-none-eabi/5.4.1/../../../../arm-none-eabi/lib/armv7-m/crt0.o (memset)
c:/program files (x86)/gnu tools arm embedded/5.4 2016q2/bin/../lib/gcc/arm-none-eabi/5.4.1/../../../../arm-none-eabi/lib/armv7-m\libc.a(lib_a-__call_atexit.o)
                              c:/program files (x86)/gnu tools arm embedded/5.4 2016q2/bin/../lib/gcc/arm-none-eabi/5.4.1/../../../../arm-none-eabi/lib/armv7-m\libc.a(lib_a-exit.o) (__call_exitprocs)
c:/program files (x86)/gnu tools arm embedded/5.4 2016q2/bin/../lib/gcc/arm-none-eabi/5.4.1/../../../../arm-none-eabi/lib/armv7-m\libc.a(lib_a-atexit.o)
                              c:/program files (x86)/gnu tools arm embedded/5.4 2016q2/bin/../lib/gcc/arm-none-eabi/5.4.1/../../../../arm-none-eabi/lib/armv7-m\libc.a(lib_a-__call_atexit.o) (atexit)
c:/program files (x86)/gnu tools arm embedded/5.4 2016q2/bin/../lib/gcc/arm-none-eabi/5.4.1/../../../../arm-none-eabi/lib/armv7-m\libc.a(lib_a-fini.o)
                              c:/program files (x86)/gnu tools arm embedded/5.4 2016q2/bin/../lib/gcc/arm-none-eabi/5.4.1/../../../../arm-none-eabi/lib/armv7-m\libc.a(lib_a-__call_atexit.o) (__libc_fini_array)
c:/program files (x86)/gnu tools arm embedded/5.4 2016q2/bin/../lib/gcc/arm-none-eabi/5.4.1/../../../../arm-none-eabi/lib/armv7-m\libc.a(lib_a-__atexit.o)
                              c:/program files (x86)/gnu tools arm embedded/5.4 2016q2/bin/../lib/gcc/arm-none-eabi/5.4.1/../../../../arm-none-eabi/lib/armv7-m\libc.a(lib_a-atexit.o) (__register_exitproc)

Allocating common symbols
Common symbol       size              file

pFlash              0x20              ..\obj\stm32f1xx_hal_flash.o

Discarded input sections

 .text          0x00000000        0x0 c:/program files (x86)/gnu tools arm embedded/5.4 2016q2/bin/../lib/gcc/arm-none-eabi/5.4.1/armv7-m/crti.o
 .data          0x00000000        0x0 c:/program files (x86)/gnu tools arm embedded/5.4 2016q2/bin/../lib/gcc/arm-none-eabi/5.4.1/armv7-m/crti.o
 .bss           0x00000000        0x0 c:/program files (x86)/gnu tools arm embedded/5.4 2016q2/bin/../lib/gcc/arm-none-eabi/5.4.1/armv7-m/crti.o
 .data          0x00000000        0x4 c:/program files (x86)/gnu tools arm embedded/5.4 2016q2/bin/../lib/gcc/arm-none-eabi/5.4.1/armv7-m/crtbegin.o
 .text          0x00000000       0x74 c:/program files (x86)/gnu tools arm embedded/5.4 2016q2/bin/../lib/gcc/arm-none-eabi/5.4.1/../../../../arm-none-eabi/lib/armv7-m/crt0.o
 .data          0x00000000        0x0 c:/program files (x86)/gnu tools arm embedded/5.4 2016q2/bin/../lib/gcc/arm-none-eabi/5.4.1/../../../../arm-none-eabi/lib/armv7-m/crt0.o
 .bss           0x00000000        0x0 c:/program files (x86)/gnu tools arm embedded/5.4 2016q2/bin/../lib/gcc/arm-none-eabi/5.4.1/../../../../arm-none-eabi/lib/armv7-m/crt0.o
 .ARM.extab     0x00000000        0x0 c:/program files (x86)/gnu tools arm embedded/5.4 2016q2/bin/../lib/gcc/arm-none-eabi/5.4.1/../../../../arm-none-eabi/lib/armv7-m/crt0.o
 .ARM.exidx     0x00000000        0x8 c:/program files (x86)/gnu tools arm embedded/5.4 2016q2/bin/../lib/gcc/arm-none-eabi/5.4.1/../../../../arm-none-eabi/lib/armv7-m/crt0.o
 .ARM.attributes
                0x00000000       0x1b c:/program files (x86)/gnu tools arm embedded/5.4 2016q2/bin/../lib/gcc/arm-none-eabi/5.4.1/../../../../arm-none-eabi/lib/armv7-m/crt0.o
 .text          0x00000000        0x0 c:/program files (x86)/gnu tools arm embedded/5.4 2016q2/bin/../lib/gcc/arm-none-eabi/5.4.1/../../../../arm-none-eabi/lib/armv7-m\libc.a(lib_a-exit.o)
 .data          0x00000000        0x0 c:/program files (x86)/gnu tools arm embedded/5.4 2016q2/bin/../lib/gcc/arm-none-eabi/5.4.1/../../../../arm-none-eabi/lib/armv7-m\libc.a(lib_a-exit.o)
 .bss           0x00000000        0x0 c:/program files (x86)/gnu tools arm embedded/5.4 2016q2/bin/../lib/gcc/arm-none-eabi/5.4.1/../../../../arm-none-eabi/lib/armv7-m\libc.a(lib_a-exit.o)
 .text.exit     0x00000000       0x20 c:/program files (x86)/gnu tools arm embedded/5.4 2016q2/bin/../lib/gcc/arm-none-eabi/5.4.1/../../../../arm-none-eabi/lib/armv7-m\libc.a(lib_a-exit.o)
 .debug_frame   0x00000000       0x28 c:/program files (x86)/gnu tools arm embedded/5.4 2016q2/bin/../lib/gcc/arm-none-eabi/5.4.1/../../../../arm-none-eabi/lib/armv7-m\libc.a(lib_a-exit.o)
 .ARM.attributes
                0x00000000       0x2d c:/program files (x86)/gnu tools arm embedded/5.4 2016q2/bin/../lib/gcc/arm-none-eabi/5.4.1/../../../../arm-none-eabi/lib/armv7-m\libc.a(lib_a-exit.o)
 .text          0x00000000        0x0 c:/program files (x86)/gnu tools arm embedded/5.4 2016q2/bin/../lib/gcc/arm-none-eabi/5.4.1/../../../../arm-none-eabi/lib/armv7-m\libc.a(lib_a-impure.o)
 .data          0x00000000        0x0 c:/program files (x86)/gnu tools arm embedded/5.4 2016q2/bin/../lib/gcc/arm-none-eabi/5.4.1/../../../../arm-none-eabi/lib/armv7-m\libc.a(lib_a-impure.o)
 .bss           0x00000000        0x0 c:/program files (x86)/gnu tools arm embedded/5.4 2016q2/bin/../lib/gcc/arm-none-eabi/5.4.1/../../../../arm-none-eabi/lib/armv7-m\libc.a(lib_a-impure.o)
 .data._impure_ptr
                0x00000000        0x4 c:/program files (x86)/gnu tools arm embedded/5.4 2016q2/bin/../lib/gcc/arm-none-eabi/5.4.1/../../../../arm-none-eabi/lib/armv7-m\libc.a(lib_a-impure.o)
 .ARM.attributes
                0x00000000       0x2d c:/program files (x86)/gnu tools arm embedded/5.4 2016q2/bin/../lib/gcc/arm-none-eabi/5.4.1/../../../../arm-none-eabi/lib/armv7-m\libc.a(lib_a-impure.o)
 .text          0x00000000        0x0 c:/program files (x86)/gnu tools arm embedded/5.4 2016q2/bin/../lib/gcc/arm-none-eabi/5.4.1/../../../../arm-none-eabi/lib/armv7-m\libc.a(lib_a-init.o)
 .data          0x00000000        0x0 c:/program files (x86)/gnu tools arm embedded/5.4 2016q2/bin/../lib/gcc/arm-none-eabi/5.4.1/../../../../arm-none-eabi/lib/armv7-m\libc.a(lib_a-init.o)
 .bss           0x00000000        0x0 c:/program files (x86)/gnu tools arm embedded/5.4 2016q2/bin/../lib/gcc/arm-none-eabi/5.4.1/../../../../arm-none-eabi/lib/armv7-m\libc.a(lib_a-init.o)
 .debug_frame   0x00000000       0x2c c:/program files (x86)/gnu tools arm embedded/5.4 2016q2/bin/../lib/gcc/arm-none-eabi/5.4.1/../../../../arm-none-eabi/lib/armv7-m\libc.a(lib_a-init.o)
 .ARM.attributes
                0x00000000       0x2d c:/program files (x86)/gnu tools arm embedded/5.4 2016q2/bin/../lib/gcc/arm-none-eabi/5.4.1/../../../../arm-none-eabi/lib/armv7-m\libc.a(lib_a-init.o)
 .text          0x00000000        0x0 c:/program files (x86)/gnu tools arm embedded/5.4 2016q2/bin/../lib/gcc/arm-none-eabi/5.4.1/../../../../arm-none-eabi/lib/armv7-m\libc.a(lib_a-memset.o)
 .data          0x00000000        0x0 c:/program files (x86)/gnu tools arm embedded/5.4 2016q2/bin/../lib/gcc/arm-none-eabi/5.4.1/../../../../arm-none-eabi/lib/armv7-m\libc.a(lib_a-memset.o)
 .bss           0x00000000        0x0 c:/program files (x86)/gnu tools arm embedded/5.4 2016q2/bin/../lib/gcc/arm-none-eabi/5.4.1/../../../../arm-none-eabi/lib/armv7-m\libc.a(lib_a-memset.o)
 .text.memset   0x00000000       0x9c c:/program files (x86)/gnu tools arm embedded/5.4 2016q2/bin/../lib/gcc/arm-none-eabi/5.4.1/../../../../arm-none-eabi/lib/armv7-m\libc.a(lib_a-memset.o)
 .debug_frame   0x00000000       0x34 c:/program files (x86)/gnu tools arm embedded/5.4 2016q2/bin/../lib/gcc/arm-none-eabi/5.4.1/../../../../arm-none-eabi/lib/armv7-m\libc.a(lib_a-memset.o)
 .ARM.attributes
                0x00000000       0x2d c:/program files (x86)/gnu tools arm embedded/5.4 2016q2/bin/../lib/gcc/arm-none-eabi/5.4.1/../../../../arm-none-eabi/lib/armv7-m\libc.a(lib_a-memset.o)
 .text          0x00000000        0x0 c:/program files (x86)/gnu tools arm embedded/5.4 2016q2/bin/../lib/gcc/arm-none-eabi/5.4.1/../../../../arm-none-eabi/lib/armv7-m\libc.a(lib_a-__call_atexit.o)
 .data          0x00000000        0x0 c:/program files (x86)/gnu tools arm embedded/5.4 2016q2/bin/../lib/gcc/arm-none-eabi/5.4.1/../../../../arm-none-eabi/lib/armv7-m\libc.a(lib_a-__call_atexit.o)
 .bss           0x00000000        0x0 c:/program files (x86)/gnu tools arm embedded/5.4 2016q2/bin/../lib/gcc/arm-none-eabi/5.4.1/../../../../arm-none-eabi/lib/armv7-m\libc.a(lib_a-__call_atexit.o)
 .text.__call_exitprocs
                0x00000000       0xd8 c:/program files (x86)/gnu tools arm embedded/5.4 2016q2/bin/../lib/gcc/arm-none-eabi/5.4.1/../../../../arm-none-eabi/lib/armv7-m\libc.a(lib_a-__call_atexit.o)
 .debug_frame   0x00000000       0x50 c:/program files (x86)/gnu tools arm embedded/5.4 2016q2/bin/../lib/gcc/arm-none-eabi/5.4.1/../../../../arm-none-eabi/lib/armv7-m\libc.a(lib_a-__call_atexit.o)
 .ARM.attributes
                0x00000000       0x2d c:/program files (x86)/gnu tools arm embedded/5.4 2016q2/bin/../lib/gcc/arm-none-eabi/5.4.1/../../../../arm-none-eabi/lib/armv7-m\libc.a(lib_a-__call_atexit.o)
 .text          0x00000000        0x0 c:/program files (x86)/gnu tools arm embedded/5.4 2016q2/bin/../lib/gcc/arm-none-eabi/5.4.1/../../../../arm-none-eabi/lib/armv7-m\libc.a(lib_a-atexit.o)
 .data          0x00000000        0x0 c:/program files (x86)/gnu tools arm embedded/5.4 2016q2/bin/../lib/gcc/arm-none-eabi/5.4.1/../../../../arm-none-eabi/lib/armv7-m\libc.a(lib_a-atexit.o)
 .bss           0x00000000        0x0 c:/program files (x86)/gnu tools arm embedded/5.4 2016q2/bin/../lib/gcc/arm-none-eabi/5.4.1/../../../../arm-none-eabi/lib/armv7-m\libc.a(lib_a-atexit.o)
 .debug_frame   0x00000000       0x20 c:/program files (x86)/gnu tools arm embedded/5.4 2016q2/bin/../lib/gcc/arm-none-eabi/5.4.1/../../../../arm-none-eabi/lib/armv7-m\libc.a(lib_a-atexit.o)
 .ARM.attributes
                0x00000000       0x2d c:/program files (x86)/gnu tools arm embedded/5.4 2016q2/bin/../lib/gcc/arm-none-eabi/5.4.1/../../../../arm-none-eabi/lib/armv7-m\libc.a(lib_a-atexit.o)
 .text          0x00000000        0x0 c:/program files (x86)/gnu tools arm embedded/5.4 2016q2/bin/../lib/gcc/arm-none-eabi/5.4.1/../../../../arm-none-eabi/lib/armv7-m\libc.a(lib_a-fini.o)
 .data          0x00000000        0x0 c:/program files (x86)/gnu tools arm embedded/5.4 2016q2/bin/../lib/gcc/arm-none-eabi/5.4.1/../../../../arm-none-eabi/lib/armv7-m\libc.a(lib_a-fini.o)
 .bss           0x00000000        0x0 c:/program files (x86)/gnu tools arm embedded/5.4 2016q2/bin/../lib/gcc/arm-none-eabi/5.4.1/../../../../arm-none-eabi/lib/armv7-m\libc.a(lib_a-fini.o)
 .debug_frame   0x00000000       0x34 c:/program files (x86)/gnu tools arm embedded/5.4 2016q2/bin/../lib/gcc/arm-none-eabi/5.4.1/../../../../arm-none-eabi/lib/armv7-m\libc.a(lib_a-fini.o)
 .ARM.attributes
                0x00000000       0x2d c:/program files (x86)/gnu tools arm embedded/5.4 2016q2/bin/../lib/gcc/arm-none-eabi/5.4.1/../../../../arm-none-eabi/lib/armv7-m\libc.a(lib_a-fini.o)
 .text          0x00000000        0x0 c:/program files (x86)/gnu tools arm embedded/5.4 2016q2/bin/../lib/gcc/arm-none-eabi/5.4.1/../../../../arm-none-eabi/lib/armv7-m\libc.a(lib_a-__atexit.o)
 .data          0x00000000        0x0 c:/program files (x86)/gnu tools arm embedded/5.4 2016q2/bin/../lib/gcc/arm-none-eabi/5.4.1/../../../../arm-none-eabi/lib/armv7-m\libc.a(lib_a-__atexit.o)
 .bss           0x00000000        0x0 c:/program files (x86)/gnu tools arm embedded/5.4 2016q2/bin/../lib/gcc/arm-none-eabi/5.4.1/../../../../arm-none-eabi/lib/armv7-m\libc.a(lib_a-__atexit.o)
 .debug_frame   0x00000000       0x34 c:/program files (x86)/gnu tools arm embedded/5.4 2016q2/bin/../lib/gcc/arm-none-eabi/5.4.1/../../../../arm-none-eabi/lib/armv7-m\libc.a(lib_a-__atexit.o)
 .ARM.attributes
                0x00000000       0x2d c:/program files (x86)/gnu tools arm embedded/5.4 2016q2/bin/../lib/gcc/arm-none-eabi/5.4.1/../../../../arm-none-eabi/lib/armv7-m\libc.a(lib_a-__atexit.o)
 .text          0x00000000      0xbd8 ..\obj\stm32f1xx_hal_dma.o
 .data          0x00000000        0x0 ..\obj\stm32f1xx_hal_dma.o
 .bss           0x00000000        0x0 ..\obj\stm32f1xx_hal_dma.o
 .debug_info    0x00000000      0x588 ..\obj\stm32f1xx_hal_dma.o
 .debug_abbrev  0x00000000      0x1b5 ..\obj\stm32f1xx_hal_dma.o
 .debug_aranges
                0x00000000       0x20 ..\obj\stm32f1xx_hal_dma.o
 .debug_line    0x00000000      0x7a4 ..\obj\stm32f1xx_hal_dma.o
 .debug_str     0x00000000      0x4e9 ..\obj\stm32f1xx_hal_dma.o
 .comment       0x00000000       0x6f ..\obj\stm32f1xx_hal_dma.o
 .debug_frame   0x00000000      0x194 ..\obj\stm32f1xx_hal_dma.o
 .ARM.attributes
                0x00000000       0x33 ..\obj\stm32f1xx_hal_dma.o
 .bss           0x00000000        0x0 ..\obj\system_stm32f1xx.o
 .text          0x00000000      0x870 ..\obj\stm32f1xx_hal_flash_ex.o
 .data          0x00000000        0x0 ..\obj\stm32f1xx_hal_flash_ex.o
 .bss           0x00000000        0x0 ..\obj\stm32f1xx_hal_flash_ex.o
 .debug_info    0x00000000      0x840 ..\obj\stm32f1xx_hal_flash_ex.o
 .debug_abbrev  0x00000000      0x265 ..\obj\stm32f1xx_hal_flash_ex.o
 .debug_aranges
                0x00000000       0x20 ..\obj\stm32f1xx_hal_flash_ex.o
 .debug_line    0x00000000      0x411 ..\obj\stm32f1xx_hal_flash_ex.o
 .debug_str     0x00000000      0x63b ..\obj\stm32f1xx_hal_flash_ex.o
 .comment       0x00000000       0x6f ..\obj\stm32f1xx_hal_flash_ex.o
 .debug_frame   0x00000000      0x260 ..\obj\stm32f1xx_hal_flash_ex.o
 .ARM.attributes
                0x00000000       0x33 ..\obj\stm32f1xx_hal_flash_ex.o
 .data          0x00000000        0x0 ..\obj\stm32f1xx_hal_cortex.o
 .bss           0x00000000        0x0 ..\obj\stm32f1xx_hal_cortex.o
 .data          0x00000000        0x0 ..\obj\stm32f1xx_hal_gpio.o
 .bss           0x00000000        0x0 ..\obj\stm32f1xx_hal_gpio.o
 .text          0x00000000        0x0 ..\obj\stm32f1xx_hal_tim_ex.o
 .data          0x00000000        0x0 ..\obj\stm32f1xx_hal_tim_ex.o
 .bss           0x00000000        0x0 ..\obj\stm32f1xx_hal_tim_ex.o
 .debug_info    0x00000000       0xa0 ..\obj\stm32f1xx_hal_tim_ex.o
 .debug_abbrev  0x00000000       0x4b ..\obj\stm32f1xx_hal_tim_ex.o
 .debug_aranges
                0x00000000       0x18 ..\obj\stm32f1xx_hal_tim_ex.o
 .debug_line    0x00000000      0x126 ..\obj\stm32f1xx_hal_tim_ex.o
 .debug_str     0x00000000      0x1a9 ..\obj\stm32f1xx_hal_tim_ex.o
 .comment       0x00000000       0x6f ..\obj\stm32f1xx_hal_tim_ex.o
 .ARM.attributes
                0x00000000       0x33 ..\obj\stm32f1xx_hal_tim_ex.o
 .text          0x00000000      0x414 ..\obj\stm32f1xx_hal_rcc_ex.o
 .data          0x00000000        0x0 ..\obj\stm32f1xx_hal_rcc_ex.o
 .bss           0x00000000        0x0 ..\obj\stm32f1xx_hal_rcc_ex.o
 .rodata        0x00000000       0x12 ..\obj\stm32f1xx_hal_rcc_ex.o
 .debug_info    0x00000000      0x541 ..\obj\stm32f1xx_hal_rcc_ex.o
 .debug_abbrev  0x00000000      0x1eb ..\obj\stm32f1xx_hal_rcc_ex.o
 .debug_aranges
                0x00000000       0x20 ..\obj\stm32f1xx_hal_rcc_ex.o
 .debug_line    0x00000000      0x390 ..\obj\stm32f1xx_hal_rcc_ex.o
 .debug_str     0x00000000      0x3b0 ..\obj\stm32f1xx_hal_rcc_ex.o
 .comment       0x00000000       0x6f ..\obj\stm32f1xx_hal_rcc_ex.o
 .debug_frame   0x00000000       0x84 ..\obj\stm32f1xx_hal_rcc_ex.o
 .ARM.attributes
                0x00000000       0x33 ..\obj\stm32f1xx_hal_rcc_ex.o
 .data          0x00000000        0x0 ..\obj\stm32f1xx_hal.o
 .text          0x00000000       0x64 ..\obj\stm32f1xx_hal_gpio_ex.o
 .data          0x00000000        0x0 ..\obj\stm32f1xx_hal_gpio_ex.o
 .bss           0x00000000        0x0 ..\obj\stm32f1xx_hal_gpio_ex.o
 .debug_info    0x00000000      0x183 ..\obj\stm32f1xx_hal_gpio_ex.o
 .debug_abbrev  0x00000000       0xcb ..\obj\stm32f1xx_hal_gpio_ex.o
 .debug_aranges
                0x00000000       0x20 ..\obj\stm32f1xx_hal_gpio_ex.o
 .debug_line    0x00000000      0x1e9 ..\obj\stm32f1xx_hal_gpio_ex.o
 .debug_str     0x00000000      0x25a ..\obj\stm32f1xx_hal_gpio_ex.o
 .comment       0x00000000       0x6f ..\obj\stm32f1xx_hal_gpio_ex.o
 .debug_frame   0x00000000       0x78 ..\obj\stm32f1xx_hal_gpio_ex.o
 .ARM.attributes
                0x00000000       0x33 ..\obj\stm32f1xx_hal_gpio_ex.o
 .data          0x00000000        0x0 ..\obj\stm32f1xx_it.o
 .bss           0x00000000        0x0 ..\obj\stm32f1xx_it.o
 .text          0x00000000       0x14 ..\obj\startup_stm32f103xb.o
 .data          0x00000000        0x0 ..\obj\startup_stm32f103xb.o
 .bss           0x00000000        0x0 ..\obj\startup_stm32f103xb.o
 .data          0x00000000        0x0 ..\obj\main.o
 .bss           0x00000000        0x0 ..\obj\main.o
 .data          0x00000000        0x0 ..\obj\stm32f1xx_hal_msp.o
 .bss           0x00000000        0x0 ..\obj\stm32f1xx_hal_msp.o
 .text          0x00000000      0x568 ..\obj\stm32f1xx_hal_flash.o
 .data          0x00000000        0x0 ..\obj\stm32f1xx_hal_flash.o
 .bss           0x00000000        0x0 ..\obj\stm32f1xx_hal_flash.o
 .debug_info    0x00000000      0x4e8 ..\obj\stm32f1xx_hal_flash.o
 .debug_abbrev  0x00000000      0x1df ..\obj\stm32f1xx_hal_flash.o
 .debug_aranges
                0x00000000       0x20 ..\obj\stm32f1xx_hal_flash.o
 .debug_line    0x00000000      0x384 ..\obj\stm32f1xx_hal_flash.o
 .debug_str     0x00000000      0x4fb ..\obj\stm32f1xx_hal_flash.o
 .comment       0x00000000       0x6f ..\obj\stm32f1xx_hal_flash.o
 .debug_frame   0x00000000      0x204 ..\obj\stm32f1xx_hal_flash.o
 .ARM.attributes
                0x00000000       0x33 ..\obj\stm32f1xx_hal_flash.o
 COMMON         0x00000000       0x20 ..\obj\stm32f1xx_hal_flash.o
 .text          0x00000000        0x0 ..\obj\stm32f1xx_hal_tim.o
 .data          0x00000000        0x0 ..\obj\stm32f1xx_hal_tim.o
 .bss           0x00000000        0x0 ..\obj\stm32f1xx_hal_tim.o
 .debug_info    0x00000000       0xa0 ..\obj\stm32f1xx_hal_tim.o
 .debug_abbrev  0x00000000       0x4b ..\obj\stm32f1xx_hal_tim.o
 .debug_aranges
                0x00000000       0x18 ..\obj\stm32f1xx_hal_tim.o
 .debug_line    0x00000000      0x126 ..\obj\stm32f1xx_hal_tim.o
 .debug_str     0x00000000      0x1a6 ..\obj\stm32f1xx_hal_tim.o
 .comment       0x00000000       0x6f ..\obj\stm32f1xx_hal_tim.o
 .ARM.attributes
                0x00000000       0x33 ..\obj\stm32f1xx_hal_tim.o
 .text          0x00000000      0x3a0 ..\obj\stm32f1xx_hal_pwr.o
 .data          0x00000000        0x0 ..\obj\stm32f1xx_hal_pwr.o
 .bss           0x00000000        0x0 ..\obj\stm32f1xx_hal_pwr.o
 .debug_info    0x00000000      0x79a ..\obj\stm32f1xx_hal_pwr.o
 .debug_abbrev  0x00000000      0x225 ..\obj\stm32f1xx_hal_pwr.o
 .debug_aranges
                0x00000000       0x20 ..\obj\stm32f1xx_hal_pwr.o
 .debug_line    0x00000000      0x33a ..\obj\stm32f1xx_hal_pwr.o
 .debug_str     0x00000000      0x4b0 ..\obj\stm32f1xx_hal_pwr.o
 .comment       0x00000000       0x6f ..\obj\stm32f1xx_hal_pwr.o
 .debug_frame   0x00000000      0x290 ..\obj\stm32f1xx_hal_pwr.o
 .ARM.attributes
                0x00000000       0x33 ..\obj\stm32f1xx_hal_pwr.o
 .data          0x00000000        0x0 ..\obj\stm32f1xx_hal_rcc.o
 .bss           0x00000000        0x0 ..\obj\stm32f1xx_hal_rcc.o
 .text          0x00000000        0x0 c:/program files (x86)/gnu tools arm embedded/5.4 2016q2/bin/../lib/gcc/arm-none-eabi/5.4.1/armv7-m/crtend.o
 .data          0x00000000        0x0 c:/program files (x86)/gnu tools arm embedded/5.4 2016q2/bin/../lib/gcc/arm-none-eabi/5.4.1/armv7-m/crtend.o
 .bss           0x00000000        0x0 c:/program files (x86)/gnu tools arm embedded/5.4 2016q2/bin/../lib/gcc/arm-none-eabi/5.4.1/armv7-m/crtend.o
 .eh_frame      0x00000000        0x4 c:/program files (x86)/gnu tools arm embedded/5.4 2016q2/bin/../lib/gcc/arm-none-eabi/5.4.1/armv7-m/crtend.o
 .jcr           0x00000000        0x4 c:/program files (x86)/gnu tools arm embedded/5.4 2016q2/bin/../lib/gcc/arm-none-eabi/5.4.1/armv7-m/crtend.o
 .ARM.attributes
                0x00000000       0x2d c:/program files (x86)/gnu tools arm embedded/5.4 2016q2/bin/../lib/gcc/arm-none-eabi/5.4.1/armv7-m/crtend.o
 .text          0x00000000        0x0 c:/program files (x86)/gnu tools arm embedded/5.4 2016q2/bin/../lib/gcc/arm-none-eabi/5.4.1/armv7-m/crtn.o
 .data          0x00000000        0x0 c:/program files (x86)/gnu tools arm embedded/5.4 2016q2/bin/../lib/gcc/arm-none-eabi/5.4.1/armv7-m/crtn.o
 .bss           0x00000000        0x0 c:/program files (x86)/gnu tools arm embedded/5.4 2016q2/bin/../lib/gcc/arm-none-eabi/5.4.1/armv7-m/crtn.o

Memory Configuration

Name             Origin             Length             Attributes
FLASH            0x08000000         0x00010000         xr
RAM              0x20000000         0x00005000         xrw
*default*        0x00000000         0xffffffff

Linker script and memory map

LOAD c:/program files (x86)/gnu tools arm embedded/5.4 2016q2/bin/../lib/gcc/arm-none-eabi/5.4.1/armv7-m/crti.o
LOAD c:/program files (x86)/gnu tools arm embedded/5.4 2016q2/bin/../lib/gcc/arm-none-eabi/5.4.1/armv7-m/crtbegin.o
LOAD c:/program files (x86)/gnu tools arm embedded/5.4 2016q2/bin/../lib/gcc/arm-none-eabi/5.4.1/../../../../arm-none-eabi/lib/armv7-m/crt0.o
                0x20005000                _estack = 0x20005000
                0x00000200                _Min_Heap_Size = 0x200
                0x00000400                _Min_Stack_Size = 0x400

.isr_vector     0x08000000      0x10c
                0x08000000                . = ALIGN (0x4)
 *(.isr_vector)
 .isr_vector    0x08000000      0x10c ..\obj\startup_stm32f103xb.o
                0x08000000                g_pfnVectors
                0x0800010c                . = ALIGN (0x4)

.text           0x0800010c     0x2850
                0x0800010c                . = ALIGN (0x4)
 *(.text)
 .text          0x0800010c       0x5c c:/program files (x86)/gnu tools arm embedded/5.4 2016q2/bin/../lib/gcc/arm-none-eabi/5.4.1/armv7-m/crtbegin.o
 .text          0x08000168      0x140 ..\obj\system_stm32f1xx.o
                0x08000168                SystemInit
                0x080001d0                SystemCoreClockUpdate
 .text          0x080002a8      0x51c ..\obj\stm32f1xx_hal_cortex.o
                0x08000614                HAL_NVIC_SetPriorityGrouping
                0x0800062c                HAL_NVIC_SetPriority
                0x08000664                HAL_NVIC_EnableIRQ
                0x08000680                HAL_NVIC_DisableIRQ
                0x0800069c                HAL_NVIC_SystemReset
                0x080006a8                HAL_SYSTICK_Config
                0x080006c0                HAL_NVIC_GetPriorityGrouping
                0x080006d0                HAL_NVIC_GetPriority
                0x080006fc                HAL_NVIC_SetPendingIRQ
                0x08000718                HAL_NVIC_GetPendingIRQ
                0x08000738                HAL_NVIC_ClearPendingIRQ
                0x08000754                HAL_NVIC_GetActive
                0x08000774                HAL_SYSTICK_CLKSourceConfig
                0x080007ac                HAL_SYSTICK_IRQHandler
                0x080007b8                HAL_SYSTICK_Callback
 .text          0x080007c4      0x558 ..\obj\stm32f1xx_hal_gpio.o
                0x080007c4                HAL_GPIO_Init
                0x08000a80                HAL_GPIO_DeInit
                0x08000c04                HAL_GPIO_ReadPin
                0x08000c34                HAL_GPIO_WritePin
                0x08000c64                HAL_GPIO_TogglePin
                0x08000c88                HAL_GPIO_LockPin
                0x08000cd8                HAL_GPIO_EXTI_IRQHandler
                0x08000d08                HAL_GPIO_EXTI_Callback
 .text          0x08000d1c      0x248 ..\obj\stm32f1xx_hal.o
                0x08000d1c                HAL_Init
                0x08000d48                HAL_DeInit
                0x08000d84                HAL_MspDeInit
                0x08000d90                HAL_InitTick
                0x08000dc8                HAL_IncTick
                0x08000de4                HAL_GetTick
                0x08000df8                HAL_Delay
                0x08000e24                HAL_SuspendTick
                0x08000e40                HAL_ResumeTick
                0x08000e5c                HAL_GetHalVersion
                0x08000e70                HAL_GetREVID
                0x08000ea4                HAL_GetDEVID
                0x08000ebc                HAL_DBGMCU_EnableDBGSleepMode
                0x08000ed8                HAL_DBGMCU_DisableDBGSleepMode
                0x08000ef4                HAL_DBGMCU_EnableDBGStopMode
                0x08000f10                HAL_DBGMCU_DisableDBGStopMode
                0x08000f2c                HAL_DBGMCU_EnableDBGStandbyMode
                0x08000f48                HAL_DBGMCU_DisableDBGStandbyMode
 .text          0x08000f64       0x60 ..\obj\stm32f1xx_it.o
                0x08000f64                NMI_Handler
                0x08000f70                HardFault_Handler
                0x08000f78                MemManage_Handler
                0x08000f80                BusFault_Handler
                0x08000f88                UsageFault_Handler
                0x08000f90                SVC_Handler
                0x08000f9c                DebugMon_Handler
                0x08000fa8                PendSV_Handler
                0x08000fb4                SysTick_Handler
 .text          0x08000fc4      0x120 ..\obj\main.o
                0x08000fc4                main
                0x08000fec                SystemClock_Config
                0x080010dc                Error_Handler
 .text          0x080010e4       0x98 ..\obj\stm32f1xx_hal_msp.o
                0x080010e4                HAL_MspInit
 .text          0x0800117c     0x1640 ..\obj\stm32f1xx_hal_rcc.o
                0x0800117c                HAL_RCC_DeInit
                0x080011f8                HAL_RCC_OscConfig
                0x08002038                HAL_RCC_ClockConfig
                0x080023b0                HAL_RCC_MCOConfig
                0x08002420                HAL_RCC_EnableCSS
                0x08002454                HAL_RCC_DisableCSS
                0x08002488                HAL_RCC_GetSysClockFreq
                0x0800257c                HAL_RCC_GetHCLKFreq
                0x08002590                HAL_RCC_GetPCLK1Freq
                0x080025d4                HAL_RCC_GetPCLK2Freq
                0x08002618                HAL_RCC_GetOscConfig
                0x08002728                HAL_RCC_GetClockConfig
                0x08002788                HAL_RCC_NMI_IRQHandler
                0x080027b0                HAL_RCC_CSSCallback
 *(.text*)
 .text.__libc_init_array
                0x080027bc       0x50 c:/program files (x86)/gnu tools arm embedded/5.4 2016q2/bin/../lib/gcc/arm-none-eabi/5.4.1/../../../../arm-none-eabi/lib/armv7-m\libc.a(lib_a-init.o)
                0x080027bc                __libc_init_array
 .text.startup.register_fini
                0x0800280c       0x14 c:/program files (x86)/gnu tools arm embedded/5.4 2016q2/bin/../lib/gcc/arm-none-eabi/5.4.1/../../../../arm-none-eabi/lib/armv7-m\libc.a(lib_a-__call_atexit.o)
 .text.atexit   0x08002820        0xc c:/program files (x86)/gnu tools arm embedded/5.4 2016q2/bin/../lib/gcc/arm-none-eabi/5.4.1/../../../../arm-none-eabi/lib/armv7-m\libc.a(lib_a-atexit.o)
                0x08002820                atexit
 .text.__libc_fini_array
                0x0800282c       0x28 c:/program files (x86)/gnu tools arm embedded/5.4 2016q2/bin/../lib/gcc/arm-none-eabi/5.4.1/../../../../arm-none-eabi/lib/armv7-m\libc.a(lib_a-fini.o)
                0x0800282c                __libc_fini_array
 .text.__register_exitproc
                0x08002854       0xa4 c:/program files (x86)/gnu tools arm embedded/5.4 2016q2/bin/../lib/gcc/arm-none-eabi/5.4.1/../../../../arm-none-eabi/lib/armv7-m\libc.a(lib_a-__atexit.o)
                0x08002854                __register_exitproc
 .text.Reset_Handler
                0x080028f8       0x48 ..\obj\startup_stm32f103xb.o
                0x080028f8                Reset_Handler
 .text.Default_Handler
                0x08002940        0x2 ..\obj\startup_stm32f103xb.o
                0x08002940                RTC_Alarm_IRQHandler
                0x08002940                EXTI2_IRQHandler
                0x08002940                TIM1_CC_IRQHandler
                0x08002940                PVD_IRQHandler
                0x08002940                EXTI3_IRQHandler
                0x08002940                EXTI0_IRQHandler
                0x08002940                I2C2_EV_IRQHandler
                0x08002940                ADC1_2_IRQHandler
                0x08002940                SPI1_IRQHandler
                0x08002940                TAMPER_IRQHandler
                0x08002940                DMA1_Channel4_IRQHandler
                0x08002940                USART3_IRQHandler
                0x08002940                RTC_IRQHandler
                0x08002940                DMA1_Channel7_IRQHandler
                0x08002940                CAN1_RX1_IRQHandler
                0x08002940                TIM4_IRQHandler
                0x08002940                I2C1_EV_IRQHandler
                0x08002940                DMA1_Channel6_IRQHandler
                0x08002940                TIM3_IRQHandler
                0x08002940                RCC_IRQHandler
                0x08002940                TIM1_TRG_COM_IRQHandler
                0x08002940                DMA1_Channel1_IRQHandler
                0x08002940                Default_Handler
                0x08002940                EXTI15_10_IRQHandler
                0x08002940                EXTI9_5_IRQHandler
                0x08002940                SPI2_IRQHandler
                0x08002940                DMA1_Channel5_IRQHandler
                0x08002940                EXTI4_IRQHandler
                0x08002940                USB_LP_CAN1_RX0_IRQHandler
                0x08002940                USB_HP_CAN1_TX_IRQHandler
                0x08002940                DMA1_Channel3_IRQHandler
                0x08002940                TIM1_UP_IRQHandler
                0x08002940                WWDG_IRQHandler
                0x08002940                TIM2_IRQHandler
                0x08002940                TIM1_BRK_IRQHandler
                0x08002940                EXTI1_IRQHandler
                0x08002940                USART2_IRQHandler
                0x08002940                I2C2_ER_IRQHandler
                0x08002940                DMA1_Channel2_IRQHandler
                0x08002940                CAN1_SCE_IRQHandler
                0x08002940                FLASH_IRQHandler
                0x08002940                USART1_IRQHandler
                0x08002940                I2C1_ER_IRQHandler
                0x08002940                USBWakeUp_IRQHandler
 *(.glue_7)
 .glue_7        0x08002942        0x0 linker stubs
 *(.glue_7t)
 .glue_7t       0x08002942        0x0 linker stubs
 *(.eh_frame)
 *fill*         0x08002942        0x2 
 .eh_frame      0x08002944        0x0 c:/program files (x86)/gnu tools arm embedded/5.4 2016q2/bin/../lib/gcc/arm-none-eabi/5.4.1/armv7-m/crtbegin.o
 *(.init)
 .init          0x08002944        0x4 c:/program files (x86)/gnu tools arm embedded/5.4 2016q2/bin/../lib/gcc/arm-none-eabi/5.4.1/armv7-m/crti.o
                0x08002944                _init
 .init          0x08002948        0x8 c:/program files (x86)/gnu tools arm embedded/5.4 2016q2/bin/../lib/gcc/arm-none-eabi/5.4.1/armv7-m/crtn.o
 *(.fini)
 .fini          0x08002950        0x4 c:/program files (x86)/gnu tools arm embedded/5.4 2016q2/bin/../lib/gcc/arm-none-eabi/5.4.1/armv7-m/crti.o
                0x08002950                _fini
 .fini          0x08002954        0x8 c:/program files (x86)/gnu tools arm embedded/5.4 2016q2/bin/../lib/gcc/arm-none-eabi/5.4.1/armv7-m/crtn.o
                0x0800295c                . = ALIGN (0x4)
                0x0800295c                _etext = .

.vfp11_veneer   0x0800295c        0x0
 .vfp11_veneer  0x0800295c        0x0 linker stubs

.v4_bx          0x0800295c        0x0
 .v4_bx         0x0800295c        0x0 linker stubs

.iplt           0x0800295c        0x0
 .iplt          0x0800295c        0x0 c:/program files (x86)/gnu tools arm embedded/5.4 2016q2/bin/../lib/gcc/arm-none-eabi/5.4.1/armv7-m/crtbegin.o

.rodata         0x0800295c       0x34
                0x0800295c                . = ALIGN (0x4)
 *(.rodata)
 .rodata        0x0800295c       0x18 ..\obj\system_stm32f1xx.o
                0x0800295c                AHBPrescTable
                0x0800296c                APBPrescTable
 .rodata        0x08002974       0x12 ..\obj\stm32f1xx_hal_rcc.o
 *(.rodata*)
 *fill*         0x08002986        0x2 
 .rodata.str1.4
                0x08002988        0x4 c:/program files (x86)/gnu tools arm embedded/5.4 2016q2/bin/../lib/gcc/arm-none-eabi/5.4.1/../../../../arm-none-eabi/lib/armv7-m\libc.a(lib_a-impure.o)
                                  0x2 (size before relaxing)
 .rodata._global_impure_ptr
                0x0800298c        0x4 c:/program files (x86)/gnu tools arm embedded/5.4 2016q2/bin/../lib/gcc/arm-none-eabi/5.4.1/../../../../arm-none-eabi/lib/armv7-m\libc.a(lib_a-impure.o)
                0x0800298c                _global_impure_ptr
                0x08002990                . = ALIGN (0x4)

.rel.dyn        0x08002990        0x0
 .rel.iplt      0x08002990        0x0 c:/program files (x86)/gnu tools arm embedded/5.4 2016q2/bin/../lib/gcc/arm-none-eabi/5.4.1/armv7-m/crtbegin.o

.ARM.extab
 *(.ARM.extab* .gnu.linkonce.armextab.*)

.ARM            0x08002990        0x0
                0x08002990                __exidx_start = .
 *(.ARM.exidx*)
                0x08002990                __exidx_end = .

.preinit_array  0x08002990        0x0
                0x08002990                PROVIDE (__preinit_array_start, .)
 *(.preinit_array*)
                0x08002990                PROVIDE (__preinit_array_end, .)

.init_array     0x08002990        0x8
                0x08002990                PROVIDE (__init_array_start, .)
 *(SORT(.init_array.*))
 .init_array.00000
                0x08002990        0x4 c:/program files (x86)/gnu tools arm embedded/5.4 2016q2/bin/../lib/gcc/arm-none-eabi/5.4.1/../../../../arm-none-eabi/lib/armv7-m\libc.a(lib_a-__call_atexit.o)
 *(.init_array*)
 .init_array    0x08002994        0x4 c:/program files (x86)/gnu tools arm embedded/5.4 2016q2/bin/../lib/gcc/arm-none-eabi/5.4.1/armv7-m/crtbegin.o
                0x08002998                PROVIDE (__init_array_end, .)

.fini_array     0x08002998        0x4
                0x08002998                PROVIDE (__fini_array_start, .)
 *(SORT(.fini_array.*))
 *(.fini_array*)
 .fini_array    0x08002998        0x4 c:/program files (x86)/gnu tools arm embedded/5.4 2016q2/bin/../lib/gcc/arm-none-eabi/5.4.1/armv7-m/crtbegin.o
                0x0800299c                PROVIDE (__fini_array_end, .)
                0x0800299c                _sidata = LOADADDR (.data)

.data           0x20000000      0x430 load address 0x0800299c
                0x20000000                . = ALIGN (0x4)
                0x20000000                _sdata = .
 *(.data)
 .data          0x20000000        0x4 ..\obj\system_stm32f1xx.o
                0x20000000                SystemCoreClock
 *(.data*)
 *fill*         0x20000004        0x4 
 .data.impure_data
                0x20000008      0x428 c:/program files (x86)/gnu tools arm embedded/5.4 2016q2/bin/../lib/gcc/arm-none-eabi/5.4.1/../../../../arm-none-eabi/lib/armv7-m\libc.a(lib_a-impure.o)
                0x20000430                . = ALIGN (0x4)
                0x20000430                _edata = .

.jcr            0x20000430        0x0 load address 0x08002dcc
 .jcr           0x20000430        0x0 c:/program files (x86)/gnu tools arm embedded/5.4 2016q2/bin/../lib/gcc/arm-none-eabi/5.4.1/armv7-m/crtbegin.o

.igot.plt       0x20000430        0x0 load address 0x08002dcc
 .igot.plt      0x20000430        0x0 c:/program files (x86)/gnu tools arm embedded/5.4 2016q2/bin/../lib/gcc/arm-none-eabi/5.4.1/armv7-m/crtbegin.o
                0x20000430                . = ALIGN (0x4)

.bss            0x20000430       0x20 load address 0x08002dcc
                0x20000430                _sbss = .
                0x20000430                __bss_start__ = _sbss
 *(.bss)
 .bss           0x20000430       0x1c c:/program files (x86)/gnu tools arm embedded/5.4 2016q2/bin/../lib/gcc/arm-none-eabi/5.4.1/armv7-m/crtbegin.o
 .bss           0x2000044c        0x4 ..\obj\stm32f1xx_hal.o
 *(.bss*)
 *(COMMON)
                0x20000450                . = ALIGN (0x4)
                0x20000450                _ebss = .
                0x20000450                __bss_end__ = _ebss

._user_heap_stack
                0x20000450      0x600 load address 0x08002dcc
                0x20000450                . = ALIGN (0x8)
                [!provide]                PROVIDE (end, .)
                [!provide]                PROVIDE (_end, .)
                0x20000650                . = (. + _Min_Heap_Size)
 *fill*         0x20000450      0x200 
                0x20000a50                . = (. + _Min_Stack_Size)
 *fill*         0x20000650      0x400 
                0x20000a50                . = ALIGN (0x8)

/DISCARD/
 libc.a(*)
 libm.a(*)
 libgcc.a(*)

.ARM.attributes
                0x00000000       0x29
 *(.ARM.attributes)
 .ARM.attributes
                0x00000000       0x1d c:/program files (x86)/gnu tools arm embedded/5.4 2016q2/bin/../lib/gcc/arm-none-eabi/5.4.1/armv7-m/crti.o
 .ARM.attributes
                0x0000001d       0x2d c:/program files (x86)/gnu tools arm embedded/5.4 2016q2/bin/../lib/gcc/arm-none-eabi/5.4.1/armv7-m/crtbegin.o
 .ARM.attributes
                0x0000004a       0x33 ..\obj\system_stm32f1xx.o
 .ARM.attributes
                0x0000007d       0x33 ..\obj\stm32f1xx_hal_cortex.o
 .ARM.attributes
                0x000000b0       0x33 ..\obj\stm32f1xx_hal_gpio.o
 .ARM.attributes
                0x000000e3       0x33 ..\obj\stm32f1xx_hal.o
 .ARM.attributes
                0x00000116       0x33 ..\obj\stm32f1xx_it.o
 .ARM.attributes
                0x00000149       0x21 ..\obj\startup_stm32f103xb.o
 .ARM.attributes
                0x0000016a       0x33 ..\obj\main.o
 .ARM.attributes
                0x0000019d       0x33 ..\obj\stm32f1xx_hal_msp.o
 .ARM.attributes
                0x000001d0       0x33 ..\obj\stm32f1xx_hal_rcc.o
 .ARM.attributes
                0x00000203       0x1d c:/program files (x86)/gnu tools arm embedded/5.4 2016q2/bin/../lib/gcc/arm-none-eabi/5.4.1/armv7-m/crtn.o
LOAD ..\obj\stm32f1xx_hal_dma.o
LOAD ..\obj\system_stm32f1xx.o
LOAD ..\obj\stm32f1xx_hal_flash_ex.o
LOAD ..\obj\stm32f1xx_hal_cortex.o
LOAD ..\obj\stm32f1xx_hal_gpio.o
LOAD ..\obj\stm32f1xx_hal_tim_ex.o
LOAD ..\obj\stm32f1xx_hal_rcc_ex.o
LOAD ..\obj\stm32f1xx_hal.o
LOAD ..\obj\stm32f1xx_hal_gpio_ex.o
LOAD ..\obj\stm32f1xx_it.o
LOAD ..\obj\startup_stm32f103xb.o
LOAD ..\obj\main.o
LOAD ..\obj\stm32f1xx_hal_msp.o
LOAD ..\obj\stm32f1xx_hal_flash.o
LOAD ..\obj\stm32f1xx_hal_tim.o
LOAD ..\obj\stm32f1xx_hal_pwr.o
LOAD ..\obj\stm32f1xx_hal_rcc.o
START GROUP
LOAD c:/program files (x86)/gnu tools arm embedded/5.4 2016q2/bin/../lib/gcc/arm-none-eabi/5.4.1/armv7-m\libgcc.a
LOAD c:/program files (x86)/gnu tools arm embedded/5.4 2016q2/bin/../lib/gcc/arm-none-eabi/5.4.1/../../../../arm-none-eabi/lib/armv7-m\libg.a
LOAD c:/program files (x86)/gnu tools arm embedded/5.4 2016q2/bin/../lib/gcc/arm-none-eabi/5.4.1/../../../../arm-none-eabi/lib/armv7-m\libc.a
END GROUP
LOAD c:/program files (x86)/gnu tools arm embedded/5.4 2016q2/bin/../lib/gcc/arm-none-eabi/5.4.1/armv7-m/crtend.o
LOAD c:/program files (x86)/gnu tools arm embedded/5.4 2016q2/bin/../lib/gcc/arm-none-eabi/5.4.1/armv7-m/crtn.o
OUTPUT(BlinkProject.elf elf32-littlearm)

.debug_info     0x00000000     0x38fa
 .debug_info    0x00000000      0x3d2 ..\obj\system_stm32f1xx.o
 .debug_info    0x000003d2      0xabf ..\obj\stm32f1xx_hal_cortex.o
 .debug_info    0x00000e91      0x5f5 ..\obj\stm32f1xx_hal_gpio.o
 .debug_info    0x00001486      0x5e3 ..\obj\stm32f1xx_hal.o
 .debug_info    0x00001a69      0x141 ..\obj\stm32f1xx_it.o
 .debug_info    0x00001baa       0xbc ..\obj\startup_stm32f103xb.o
 .debug_info    0x00001c66      0x562 ..\obj\main.o
 .debug_info    0x000021c8      0x339 ..\obj\stm32f1xx_hal_msp.o
 .debug_info    0x00002501     0x13f9 ..\obj\stm32f1xx_hal_rcc.o

.debug_abbrev   0x00000000      0xc81
 .debug_abbrev  0x00000000      0x120 ..\obj\system_stm32f1xx.o
 .debug_abbrev  0x00000120      0x270 ..\obj\stm32f1xx_hal_cortex.o
 .debug_abbrev  0x00000390      0x1ac ..\obj\stm32f1xx_hal_gpio.o
 .debug_abbrev  0x0000053c      0x1f8 ..\obj\stm32f1xx_hal.o
 .debug_abbrev  0x00000734       0x7f ..\obj\stm32f1xx_it.o
 .debug_abbrev  0x000007b3       0x12 ..\obj\startup_stm32f103xb.o
 .debug_abbrev  0x000007c5      0x15a ..\obj\main.o
 .debug_abbrev  0x0000091f       0xec ..\obj\stm32f1xx_hal_msp.o
 .debug_abbrev  0x00000a0b      0x276 ..\obj\stm32f1xx_hal_rcc.o

.debug_aranges  0x00000000      0x128
 .debug_aranges
                0x00000000       0x20 ..\obj\system_stm32f1xx.o
 .debug_aranges
                0x00000020       0x20 ..\obj\stm32f1xx_hal_cortex.o
 .debug_aranges
                0x00000040       0x20 ..\obj\stm32f1xx_hal_gpio.o
 .debug_aranges
                0x00000060       0x20 ..\obj\stm32f1xx_hal.o
 .debug_aranges
                0x00000080       0x20 ..\obj\stm32f1xx_it.o
 .debug_aranges
                0x000000a0       0x28 ..\obj\startup_stm32f103xb.o
 .debug_aranges
                0x000000c8       0x20 ..\obj\main.o
 .debug_aranges
                0x000000e8       0x20 ..\obj\stm32f1xx_hal_msp.o
 .debug_aranges
                0x00000108       0x20 ..\obj\stm32f1xx_hal_rcc.o

.debug_line     0x00000000     0x1cfe
 .debug_line    0x00000000      0x22f ..\obj\system_stm32f1xx.o
 .debug_line    0x0000022f      0x2f8 ..\obj\stm32f1xx_hal_cortex.o
 .debug_line    0x00000527      0x3dc ..\obj\stm32f1xx_hal_gpio.o
 .debug_line    0x00000903      0x2b1 ..\obj\stm32f1xx_hal.o
 .debug_line    0x00000bb4      0x190 ..\obj\stm32f1xx_it.o
 .debug_line    0x00000d44       0xc3 ..\obj\startup_stm32f103xb.o
 .debug_line    0x00000e07      0x288 ..\obj\main.o
 .debug_line    0x0000108f      0x1ca ..\obj\stm32f1xx_hal_msp.o
 .debug_line    0x00001259      0xaa5 ..\obj\stm32f1xx_hal_rcc.o

.debug_str      0x00000000     0x10f2
 .debug_str     0x00000000      0x24a ..\obj\system_stm32f1xx.o
                                0x29d (size before relaxing)
 .debug_str     0x0000024a      0x60e ..\obj\stm32f1xx_hal_cortex.o
                                0x8ae (size before relaxing)
 .debug_str     0x00000858      0x225 ..\obj\stm32f1xx_hal_gpio.o
                                0x409 (size before relaxing)
 .debug_str     0x00000a7d      0x212 ..\obj\stm32f1xx_hal.o
                                0x6f7 (size before relaxing)
 .debug_str     0x00000c8f       0xbd ..\obj\stm32f1xx_it.o
                                0x214 (size before relaxing)
 .debug_str     0x00000d4c      0x178 ..\obj\main.o
                                0x68c (size before relaxing)
 .debug_str     0x00000ec4       0x32 ..\obj\stm32f1xx_hal_msp.o
                                0x4f2 (size before relaxing)
 .debug_str     0x00000ef6      0x1fc ..\obj\stm32f1xx_hal_rcc.o
                                0x5d5 (size before relaxing)

.comment        0x00000000       0x6e
 .comment       0x00000000       0x6e ..\obj\system_stm32f1xx.o
                                 0x6f (size before relaxing)
 .comment       0x0000006e       0x6f ..\obj\stm32f1xx_hal_cortex.o
 .comment       0x0000006e       0x6f ..\obj\stm32f1xx_hal_gpio.o
 .comment       0x0000006e       0x6f ..\obj\stm32f1xx_hal.o
 .comment       0x0000006e       0x6f ..\obj\stm32f1xx_it.o
 .comment       0x0000006e       0x6f ..\obj\main.o
 .comment       0x0000006e       0x6f ..\obj\stm32f1xx_hal_msp.o
 .comment       0x0000006e       0x6f ..\obj\stm32f1xx_hal_rcc.o

.debug_frame    0x00000000      0xc2c
 .debug_frame   0x00000000       0x58 ..\obj\system_stm32f1xx.o
 .debug_frame   0x00000058      0x428 ..\obj\stm32f1xx_hal_cortex.o
 .debug_frame   0x00000480      0x14c ..\obj\stm32f1xx_hal_gpio.o
 .debug_frame   0x000005cc      0x278 ..\obj\stm32f1xx_hal.o
 .debug_frame   0x00000844      0x10c ..\obj\stm32f1xx_it.o
 .debug_frame   0x00000950       0x8c ..\obj\main.o
 .debug_frame   0x000009dc       0x34 ..\obj\stm32f1xx_hal_msp.o
 .debug_frame   0x00000a10      0x21c ..\obj\stm32f1xx_hal_rcc.o

.debug_ranges   0x00000000       0x20
 .debug_ranges  0x00000000       0x20 ..\obj\startup_stm32f103xb.o
